fr.infologic.achats.budgetsristournes.modele.BudRistMatFam
fr.infologic.achats.commandesfactures.modele.EnvoiBonLivStat
fr.infologic.achats.commun.parametres.modele.ParamCommun1
fr.infologic.achats.cumuls.modele.TypCumul
fr.infologic.achats.hierarchie.modele.TypHierarchie
fr.infologic.achats.statistiques.modele.TypStat
fr.infologic.achatvente.parcelle.modele.MotifModifParcelle
fr.infologic.achatvente.tarif.modele.TypRemCalcul
fr.infologic.comptabilite.commun.modele.CodeBudget
fr.infologic.comptabilite.commun.modele.ExportTreso
fr.infologic.comptabilite.commun.modele.PrevTreso
fr.infologic.comptabilite.cooperative.modele.ActiviteCpt
fr.infologic.comptabilite.cooperative.modele.CompensAdherent
fr.infologic.comptabilite.cooperative.modele.CompensApport
fr.infologic.comptabilite.cooperative.modele.CompensBAP
fr.infologic.comptabilite.cooperative.modele.CompensCreance
fr.infologic.comptabilite.cooperative.modele.CompensCredit
fr.infologic.comptabilite.cooperative.modele.CompensDebit
fr.infologic.comptabilite.cooperative.modele.CompensJustifCli
fr.infologic.comptabilite.cooperative.modele.CompensJustifFour
fr.infologic.comptabilite.cumuls.modele.TypCumul
fr.infologic.crm.crm.modele.Competence
fr.infologic.global.audit.modele.AuditEntry
fr.infologic.global.audit.modele.AuditParam
fr.infologic.global.batches.modele.Execution
fr.infologic.global.commun.ecranssaisie.modele.CalqueSaisie
fr.infologic.global.commun.modele.AndroidAppliParam
fr.infologic.global.commun.modele.Arrondissement
fr.infologic.global.commun.modele.CalFonctionnement
fr.infologic.global.commun.modele.CalendrierJoursFeries
fr.infologic.global.commun.modele.Canton
fr.infologic.global.commun.modele.Civilite
fr.infologic.global.commun.modele.Commune
fr.infologic.global.commun.modele.Compteur
fr.infologic.global.commun.modele.ContQual
fr.infologic.global.commun.modele.ContQualListe
fr.infologic.global.commun.modele.ContQualListeVal
fr.infologic.global.commun.modele.Departement
fr.infologic.global.commun.modele.Dossier
fr.infologic.global.commun.modele.EnsPosteCli
fr.infologic.global.commun.modele.FlagTomcat
fr.infologic.global.commun.modele.GareAeroport
fr.infologic.global.commun.modele.HistoParam
fr.infologic.global.commun.modele.HistoTable
fr.infologic.global.commun.modele.I18NMsgBD
fr.infologic.global.commun.modele.Image
fr.infologic.global.commun.modele.Langue
fr.infologic.global.commun.modele.MesureQual
fr.infologic.global.commun.modele.Monnaie
fr.infologic.global.commun.modele.Pays
fr.infologic.global.commun.modele.Picto
fr.infologic.global.commun.modele.PosteCli
fr.infologic.global.commun.modele.Profil
fr.infologic.global.commun.modele.QRCode
fr.infologic.global.commun.modele.Service
fr.infologic.global.commun.modele.SessionTrack
fr.infologic.global.commun.modele.Societe
fr.infologic.global.commun.modele.Son
fr.infologic.global.commun.modele.StyleCss
fr.infologic.global.commun.modele.Template
fr.infologic.global.commun.modele.Unite
fr.infologic.global.commun.modele.Utilisateur
fr.infologic.global.commun.modele.UtilisateurInfologic
fr.infologic.global.commun.modele.UtilisateurSite
fr.infologic.global.outilanalyse.modele.QuizBoolP
fr.infologic.global.outilanalyse.modele.QuizEdgeP
fr.infologic.global.outilanalyse.modele.QuizNodeP
fr.infologic.global.outilanalyse.modele.QuizP
fr.infologic.global.outilanalyse.modele.QuizRootP
fr.infologic.global.outilanalyse.modele.QuizTagP
fr.infologic.global.outils.modele.AlerteSondeSysteme
fr.infologic.global.outils.modele.BaseDoc
fr.infologic.global.outils.modele.ConfEcranHtml
fr.infologic.global.outils.modele.DemandeAssistanceGL
fr.infologic.global.outils.modele.Demarrage
fr.infologic.global.outils.modele.DocZone
fr.infologic.global.outils.modele.ExecutionPatch
fr.infologic.global.outils.modele.Formation
fr.infologic.global.outils.modele.Hote
fr.infologic.global.outils.modele.InfoServeur
fr.infologic.global.outils.modele.Injection
fr.infologic.global.outils.modele.MenuItemsSpecifique
fr.infologic.global.outils.modele.MessageInstallateur
fr.infologic.global.outils.modele.MesureSondeSysteme
fr.infologic.global.outils.modele.MiseAjour
fr.infologic.global.outils.modele.ParamOutils
fr.infologic.global.outils.modele.Patch
fr.infologic.global.outils.modele.ScriptExport
fr.infologic.global.outils.modele.TypDocExterne
fr.infologic.global.reference.modele.Allergene
fr.infologic.global.reference.modele.Nutriment
fr.infologic.global.zonesvariables.modele.FamZV
fr.infologic.global.zonesvariables.modele.FamZVVal
fr.infologic.gpao.atelier.modele.Chariot
fr.infologic.gpao.modele.CalendrierSimu
fr.infologic.gpao.modele.GammeStatut
fr.infologic.gpao.modele.MotifArret
fr.infologic.gpao.modele.MotifArretVal
fr.infologic.gpao.modele.NomencStatut
fr.infologic.gpao.modele.ParamDemandeRD
fr.infologic.gpao.modele.ProduitTyp
fr.infologic.gpao.modele.RegleDerogationAuto
fr.infologic.gpao.modele.RegleWorkflowRD
fr.infologic.infoc.modele.ParamInfoc
fr.infologic.stocks.cumuls.modele.Montant
fr.infologic.stocks.cumuls.modele.Quantite
fr.infologic.stocks.gestion.modele.ExtensionCalcul
fr.infologic.stocks.gestion.modele.ExtensionFrais
fr.infologic.stocks.gestion.modele.ExtensionQte
fr.infologic.stocks.histos.modele.DataStorage
fr.infologic.ventes.article.modele.ArtFicProdNorm
fr.infologic.ventes.budgetsristournes.modele.BudRistArtFam
fr.infologic.ventes.commandesfactures.modele.EnvoiBonLivStat
fr.infologic.ventes.commandesfactures.modele.FactureArchive
fr.infologic.ventes.commun.parametres.modele.ParamCommun1
fr.infologic.ventes.cumuls.modele.TypCumul
fr.infologic.ventes.hierarchie.modele.TypHierarchie
fr.infologic.ventes.prixrevient.modele.TypCoutSupplementaire
fr.infologic.ventes.representants.modele.TypObjectif
fr.infologic.ventes.statistiques.modele.TypStat
fr.infologic.ventes.transport.modele.FusionBordereau
