fr.infologic.global.outilanalyse.modele.QuizNodeP
fr.infologic.gpao.modele.GammeStatut
fr.infologic.ventes.hierarchie.modele.TypHierarchie
fr.infologic.global.outils.modele.ExecutionPatch
fr.infologic.global.commun.modele.Langue
fr.infologic.global.outils.modele.MiseAjour
fr.infologic.global.outils.modele.MesureSondeSysteme
fr.infologic.global.audit.modele.AuditEntry
fr.infologic.ventes.commun.parametres.modele.ParamCommun1
fr.infologic.global.outils.modele.ParamOutils
fr.infologic.comptabilite.cooperative.modele.CompensDebit
fr.infologic.global.outils.modele.BaseDoc
fr.infologic.global.commun.modele.SessionTrack
fr.infologic.comptabilite.cooperative.modele.CompensAdherent
fr.infologic.global.commun.modele.Service
fr.infologic.global.commun.modele.CalendrierJoursFeries
fr.infologic.global.commun.modele.Dossier
fr.infologic.comptabilite.cooperative.modele.CompensCredit
fr.infologic.global.zonesvariables.modele.FamZV
fr.infologic.global.commun.modele.UtilisateurInfologic
fr.infologic.comptabilite.commun.modele.CodeBudget
fr.infologic.gpao.modele.ProduitTyp
fr.infologic.comptabilite.cooperative.modele.CompensJustifFour
fr.infologic.global.commun.modele.Template
fr.infologic.global.outils.modele.Formation
fr.infologic.global.outilanalyse.modele.QuizEdgeP
fr.infologic.ventes.prixrevient.modele.TypCoutSupplementaire
fr.infologic.stocks.gestion.modele.ExtensionFrais
fr.infologic.ventes.commandesfactures.modele.FactureArchive
fr.infologic.achats.hierarchie.modele.TypHierarchie
fr.infologic.achats.budgetsristournes.modele.BudRistMatFam
fr.infologic.achats.commun.parametres.modele.ParamCommun1
fr.infologic.global.commun.modele.Image
fr.infologic.stocks.cumuls.modele.Quantite
fr.infologic.global.commun.modele.MesureQual
fr.infologic.global.commun.modele.FlagTomcat
fr.infologic.gpao.modele.MotifArret
fr.infologic.ventes.commandesfactures.modele.EnvoiBonLivStat
fr.infologic.global.commun.modele.HistoParam
fr.infologic.global.reference.modele.Nutriment
fr.infologic.global.commun.modele.Pays
fr.infologic.global.commun.modele.ContQualListeVal
fr.infologic.global.zonesvariables.modele.FamZVVal
fr.infologic.stocks.gestion.modele.ExtensionQte
fr.infologic.global.commun.modele.QRCode
fr.infologic.ventes.budgetsristournes.modele.BudRistArtFam
fr.infologic.global.commun.modele.ContQualListe
fr.infologic.achats.commandesfactures.modele.EnvoiBonLivStat
fr.infologic.global.commun.modele.Civilite
fr.infologic.global.outils.modele.Hote
fr.infologic.global.commun.modele.PosteCli
fr.infologic.global.outils.modele.Demarrage
fr.infologic.ventes.statistiques.modele.TypStat
fr.infologic.comptabilite.cooperative.modele.CompensJustifCli
fr.infologic.achatvente.parcelle.modele.MotifModifParcelle
fr.infologic.global.commun.modele.HistoTable
fr.infologic.global.commun.modele.Departement
fr.infologic.global.commun.modele.GareAeroport
fr.infologic.global.commun.modele.Utilisateur
fr.infologic.ventes.cumuls.modele.TypCumul
fr.infologic.gpao.atelier.modele.Chariot
fr.infologic.global.commun.modele.CalFonctionnement
fr.infologic.gpao.modele.RegleWorkflowRD
fr.infologic.gpao.modele.MotifArretVal
fr.infologic.stocks.cumuls.modele.Montant
fr.infologic.ventes.article.modele.ArtFicProdNorm
fr.infologic.global.commun.modele.AndroidAppliParam
fr.infologic.global.audit.modele.AuditParam
fr.infologic.global.outilanalyse.modele.QuizBoolP
fr.infologic.global.commun.modele.Societe
fr.infologic.global.outils.modele.InfoServeur
fr.infologic.gpao.modele.RegleDerogationAuto
fr.infologic.global.commun.ecranssaisie.modele.CalqueSaisie
fr.infologic.gpao.modele.ParamDemandeRD
fr.infologic.global.outilanalyse.modele.QuizP
fr.infologic.crm.crm.modele.Competence
fr.infologic.comptabilite.cooperative.modele.CompensCreance
fr.infologic.global.outilanalyse.modele.QuizTagP
fr.infologic.global.commun.modele.EnsPosteCli
fr.infologic.global.commun.modele.Son
fr.infologic.global.batches.modele.Execution
fr.infologic.global.commun.modele.Picto
fr.infologic.stocks.gestion.modele.ExtensionCalcul
fr.infologic.global.reference.modele.Allergene
fr.infologic.comptabilite.commun.modele.PrevTreso
fr.infologic.global.commun.modele.UtilisateurSite
fr.infologic.global.outils.modele.TypDocExterne
fr.infologic.comptabilite.cooperative.modele.ActiviteCpt
fr.infologic.ventes.transport.modele.FusionBordereau
fr.infologic.global.outils.modele.Injection
fr.infologic.global.commun.modele.Unite
fr.infologic.global.outils.modele.DocZone
fr.infologic.global.outilanalyse.modele.QuizRootP
fr.infologic.achats.cumuls.modele.TypCumul
fr.infologic.global.commun.modele.Arrondissement
fr.infologic.global.outils.modele.MessageInstallateur
fr.infologic.global.commun.modele.Profil
fr.infologic.global.commun.modele.Compteur
fr.infologic.gpao.modele.CalendrierSimu
fr.infologic.global.commun.modele.Commune
fr.infologic.global.commun.modele.Monnaie
fr.infologic.global.outils.modele.AlerteSondeSysteme
fr.infologic.global.outils.modele.ConfEcranHtml
fr.infologic.global.commun.modele.StyleCss
fr.infologic.global.commun.modele.ContQual
fr.infologic.comptabilite.cumuls.modele.TypCumul
fr.infologic.achatvente.tarif.modele.TypRemCalcul
fr.infologic.global.outils.modele.MenuItemsSpecifique
fr.infologic.infoc.modele.ParamInfoc
fr.infologic.achats.statistiques.modele.TypStat
fr.infologic.comptabilite.commun.modele.ExportTreso
fr.infologic.comptabilite.cooperative.modele.CompensApport
fr.infologic.global.commun.modele.Canton
fr.infologic.global.outils.modele.DemandeAssistanceGL
fr.infologic.ventes.representants.modele.TypObjectif
fr.infologic.stocks.histos.modele.DataStorage
fr.infologic.gpao.modele.NomencStatut
fr.infologic.comptabilite.cooperative.modele.CompensBAP
fr.infologic.global.commun.modele.I18NMsgBD
fr.infologic.global.outils.modele.ScriptExport
fr.infologic.global.outils.modele.Patch
